[db] pg-mem in-memory database (set DATABASE_URL for Postgres)
{"component":"player-command","phase":"request","correlationId":"55f9b957-3fca-4d52-8b99-e81c4383cffb"}
{"component":"player-command","phase":"authorization","correlationId":"55f9b957-3fca-4d52-8b99-e81c4383cffb","outcome":"denied"}
{"component":"player-command","phase":"response","correlationId":"55f9b957-3fca-4d52-8b99-e81c4383cffb","statusCode":401,"elapsedMs":11}
{"component":"player-command","phase":"request","correlationId":"a8979300-ec5e-4b25-a345-ee10edb2b4f7"}
{"component":"player-command","phase":"authorization","correlationId":"a8979300-ec5e-4b25-a345-ee10edb2b4f7","outcome":"denied"}
{"component":"player-command","phase":"response","correlationId":"a8979300-ec5e-4b25-a345-ee10edb2b4f7","statusCode":401,"elapsedMs":2}
{"component":"player-command","phase":"request","correlationId":"0291cf75-4cf2-440e-b924-c40c4ad70d32"}
{"component":"player-command","phase":"authorization","correlationId":"0291cf75-4cf2-440e-b924-c40c4ad70d32","outcome":"allowed"}
{"component":"player-command","phase":"failure","correlationId":"0291cf75-4cf2-440e-b924-c40c4ad70d32","outcome":"unavailable"}
{"component":"player-command","phase":"response","correlationId":"0291cf75-4cf2-440e-b924-c40c4ad70d32","statusCode":409,"elapsedMs":26}
{"component":"player-command","phase":"request","correlationId":"29fc3dd7-82f1-4dae-9189-542985fff1be"}
{"component":"player-command","phase":"authorization","correlationId":"29fc3dd7-82f1-4dae-9189-542985fff1be","outcome":"allowed"}
{"component":"player-command","phase":"response","correlationId":"29fc3dd7-82f1-4dae-9189-542985fff1be","statusCode":200,"elapsedMs":217}
{"component":"player-command","phase":"request","correlationId":"f5c1f328-7ca5-4c33-bb2d-118c741f51db"}
{"component":"player-command","phase":"authorization","correlationId":"f5c1f328-7ca5-4c33-bb2d-118c741f51db","outcome":"allowed"}
{"component":"player-command","phase":"response","correlationId":"f5c1f328-7ca5-4c33-bb2d-118c741f51db","statusCode":200,"elapsedMs":65}
{"component":"player-command","phase":"request","correlationId":"0f8263f5-346f-4fcc-9396-af287872075c"}
{"component":"player-command","phase":"authorization","correlationId":"0f8263f5-346f-4fcc-9396-af287872075c","outcome":"allowed"}
{"component":"player-command","phase":"failure","correlationId":"0f8263f5-346f-4fcc-9396-af287872075c","outcome":"unavailable"}
{"component":"player-command","phase":"response","correlationId":"0f8263f5-346f-4fcc-9396-af287872075c","statusCode":409,"elapsedMs":9}
{"component":"player-command","phase":"request","correlationId":"4b24a85c-11d3-4061-a7bc-16f78782b9e8"}
{"component":"player-command","phase":"failure","correlationId":"4b24a85c-11d3-4061-a7bc-16f78782b9e8","outcome":"unavailable"}
{"component":"player-command","phase":"response","correlationId":"4b24a85c-11d3-4061-a7bc-16f78782b9e8","statusCode":400,"elapsedMs":1}
{"component":"player-command","phase":"request","correlationId":"b30ae19b-a23c-4c39-9bc4-b681476391a3"}
{"component":"player-command","phase":"failure","correlationId":"b30ae19b-a23c-4c39-9bc4-b681476391a3","outcome":"unavailable"}
{"component":"player-command","phase":"response","correlationId":"b30ae19b-a23c-4c39-9bc4-b681476391a3","statusCode":400,"elapsedMs":1}
{"component":"player-command","phase":"request","correlationId":"dd115193-c714-4d19-9a16-24ed2101c940"}
{"component":"player-command","phase":"failure","correlationId":"dd115193-c714-4d19-9a16-24ed2101c940","outcome":"unavailable"}
{"component":"player-command","phase":"response","correlationId":"dd115193-c714-4d19-9a16-24ed2101c940","statusCode":400,"elapsedMs":0}
{"component":"player-command","phase":"request","correlationId":"50fd7b8a-331d-4f26-b204-bb70d37dd948"}
{"component":"player-command","phase":"failure","correlationId":"50fd7b8a-331d-4f26-b204-bb70d37dd948","outcome":"unavailable"}
{"component":"player-command","phase":"response","correlationId":"50fd7b8a-331d-4f26-b204-bb70d37dd948","statusCode":400,"elapsedMs":1}
{"component":"player-command","phase":"request","correlationId":"14168fc7-eb90-45e5-969a-ff60047c3181"}
{"component":"player-command","phase":"failure","correlationId":"14168fc7-eb90-45e5-969a-ff60047c3181","outcome":"unavailable"}
{"component":"player-command","phase":"response","correlationId":"14168fc7-eb90-45e5-969a-ff60047c3181","statusCode":400,"elapsedMs":0}
{"component":"player-command","phase":"request","correlationId":"9a0bc0a9-b1a6-44c5-9a99-2c82520050d3"}
{"component":"player-command","phase":"failure","correlationId":"9a0bc0a9-b1a6-44c5-9a99-2c82520050d3","outcome":"unavailable"}
{"component":"player-command","phase":"response","correlationId":"9a0bc0a9-b1a6-44c5-9a99-2c82520050d3","statusCode":400,"elapsedMs":0}
{"component":"player-command","phase":"request","correlationId":"2872f4e7-ad12-4e37-b7c0-7089ff66a30c"}
{"component":"player-command","phase":"authorization","correlationId":"2872f4e7-ad12-4e37-b7c0-7089ff66a30c","outcome":"allowed"}
{"component":"player-command","phase":"command","correlationId":"2872f4e7-ad12-4e37-b7c0-7089ff66a30c"}
{"component":"player-command","phase":"failure","correlationId":"2872f4e7-ad12-4e37-b7c0-7089ff66a30c","outcome":"unavailable"}
{"component":"player-command","phase":"response","correlationId":"2872f4e7-ad12-4e37-b7c0-7089ff66a30c","statusCode":409,"elapsedMs":16}
{"component":"player-command","phase":"request","correlationId":"c235581f-5d3d-49bf-9911-f30a1be4e76f"}
{"component":"player-command","phase":"authorization","correlationId":"c235581f-5d3d-49bf-9911-f30a1be4e76f","outcome":"allowed"}
{"component":"player-command","phase":"command","correlationId":"c235581f-5d3d-49bf-9911-f30a1be4e76f"}
{"component":"player-command","phase":"failure","correlationId":"c235581f-5d3d-49bf-9911-f30a1be4e76f","outcome":"unavailable"}
{"component":"player-command","phase":"response","correlationId":"c235581f-5d3d-49bf-9911-f30a1be4e76f","statusCode":400,"elapsedMs":3}
{"component":"player-command","phase":"request","correlationId":"e6d0b001-23b7-4d4d-954e-6d121fcf7cb2"}
{"component":"player-command","phase":"failure","correlationId":"e6d0b001-23b7-4d4d-954e-6d121fcf7cb2","outcome":"unavailable"}
{"component":"player-command","phase":"response","correlationId":"e6d0b001-23b7-4d4d-954e-6d121fcf7cb2","statusCode":400,"elapsedMs":0}
{"component":"player-command","phase":"request","correlationId":"9e0e1477-2b58-414b-b5dd-6c3c96dc328e"}
{"component":"player-command","phase":"failure","correlationId":"9e0e1477-2b58-414b-b5dd-6c3c96dc328e","outcome":"unavailable"}
{"component":"player-command","phase":"response","correlationId":"9e0e1477-2b58-414b-b5dd-6c3c96dc328e","statusCode":400,"elapsedMs":0}
{"component":"player-command","phase":"request","correlationId":"4c53d318-a1bf-4fae-86ea-d55131466e99"}
{"component":"player-command","phase":"authorization","correlationId":"4c53d318-a1bf-4fae-86ea-d55131466e99","outcome":"allowed"}
{"component":"player-command","phase":"command","correlationId":"4c53d318-a1bf-4fae-86ea-d55131466e99"}
{"component":"player-command","phase":"mutation","correlationId":"4c53d318-a1bf-4fae-86ea-d55131466e99","outcome":"completed","replayed":false}
{"component":"player-command","phase":"consequence","correlationId":"4c53d318-a1bf-4fae-86ea-d55131466e99","replayed":false,"changes":3}
{"component":"player-command","phase":"opportunity","correlationId":"4c53d318-a1bf-4fae-86ea-d55131466e99","replayed":false,"changes":1}
{"component":"player-command","phase":"request","correlationId":"485810f5-f626-436d-9b2a-898ea0fa0f76"}
{"component":"player-command","phase":"response","correlationId":"4c53d318-a1bf-4fae-86ea-d55131466e99","statusCode":200,"elapsedMs":212}
{"component":"player-command","phase":"authorization","correlationId":"485810f5-f626-436d-9b2a-898ea0fa0f76","outcome":"allowed"}
{"component":"player-command","phase":"response","correlationId":"485810f5-f626-436d-9b2a-898ea0fa0f76","statusCode":200,"elapsedMs":71}
{"component":"player-command","phase":"request","correlationId":"36399d2a-c332-472b-8ec4-13656cd160fd"}
{"component":"player-command","phase":"authorization","correlationId":"36399d2a-c332-472b-8ec4-13656cd160fd","outcome":"allowed"}
{"component":"player-command","phase":"command","correlationId":"36399d2a-c332-472b-8ec4-13656cd160fd"}
{"component":"player-command","phase":"mutation","correlationId":"36399d2a-c332-472b-8ec4-13656cd160fd","outcome":"completed","replayed":true}
{"component":"player-command","phase":"consequence","correlationId":"36399d2a-c332-472b-8ec4-13656cd160fd","replayed":true,"changes":0}
{"component":"player-command","phase":"opportunity","correlationId":"36399d2a-c332-472b-8ec4-13656cd160fd","replayed":true,"changes":0}
{"component":"player-command","phase":"response","correlationId":"36399d2a-c332-472b-8ec4-13656cd160fd","statusCode":200,"elapsedMs":68}
{"component":"player-command","phase":"request","correlationId":"8f5d7b14-c487-43a7-9096-13d71b1bf6d4"}
{"component":"player-command","phase":"authorization","correlationId":"8f5d7b14-c487-43a7-9096-13d71b1bf6d4","outcome":"allowed"}
{"component":"player-command","phase":"command","correlationId":"8f5d7b14-c487-43a7-9096-13d71b1bf6d4"}
{"component":"player-command","phase":"mutation","correlationId":"8f5d7b14-c487-43a7-9096-13d71b1bf6d4","outcome":"completed","replayed":true}
{"component":"player-command","phase":"consequence","correlationId":"8f5d7b14-c487-43a7-9096-13d71b1bf6d4","replayed":true,"changes":0}
{"component":"player-command","phase":"opportunity","correlationId":"8f5d7b14-c487-43a7-9096-13d71b1bf6d4","replayed":true,"changes":0}
{"component":"player-command","phase":"response","correlationId":"8f5d7b14-c487-43a7-9096-13d71b1bf6d4","statusCode":200,"elapsedMs":71}
{"component":"player-command","phase":"request","correlationId":"0642d456-1d9b-4b33-bd69-c6d4a88da779"}
{"component":"player-command","phase":"authorization","correlationId":"0642d456-1d9b-4b33-bd69-c6d4a88da779","outcome":"allowed"}
{"component":"player-command","phase":"command","correlationId":"0642d456-1d9b-4b33-bd69-c6d4a88da779"}
{"component":"player-command","phase":"failure","correlationId":"0642d456-1d9b-4b33-bd69-c6d4a88da779","outcome":"unavailable"}
{"component":"player-command","phase":"response","correlationId":"0642d456-1d9b-4b33-bd69-c6d4a88da779","statusCode":409,"elapsedMs":8}
player-command-api: authentication, cohort, strict request shape, account binding, no-store, exact HTTP retries, current projection and character isolation PASS
