[db] pg-mem in-memory database (set DATABASE_URL for Postgres)
  deep reads: 388 chains, 276 walked to the leaf, 112 parent absent/null (empty-state, not a finding)
  ✓ wave 60: 6 catalog lines name the rung instead of its key
  ✓ silence ledger: 63 replies render the catch-all, 5 of them on act()-pressed routes and each declared — none of 307 pressed handlers is mute
  ✓ collision ledger: 513 act()-reachable replies over 355 describe() branches — 14 deliberately shared, none colliding
  ✓ wave 61: eight lines the collision fixes now produce read for their own system
  ✓ wave 62: the article rule reads off the NAME, and seven replies name what they moved
  ✓ wave 73: the pen — a break BLOWN by a rat read as bad luck at the fence, a tipper told nothing, and a hired gun that stated its price twice
  ✓ wave 74: the daily buttons — a burst that named no clock, a burn reported as a balance, a rung that paid twice and a drill run by a storage key
[db] pg-mem in-memory database (set DATABASE_URL for Postgres)
  ✓ wave 73: the market — a pulled lot said nothing, a bid named neither the iron nor the escrow, and a cancel dropped the quantity it gates on
[db] pg-mem in-memory database (set DATABASE_URL for Postgres)
  ✓ wave 73: the shylock — a collect paid the wrong man’s number and hid what it did to the mark; a pledged take stapled the deadline to the wrong sentence
[db] pg-mem in-memory database (set DATABASE_URL for Postgres)
  ✓ wave 73: the world — a raid that put a strike on your own head read as a clean score, a war burned the treasury in silence, a plaque hid its burn and its displacement, and a dismissed gun hid the forfeit
[db] pg-mem in-memory database (set DATABASE_URL for Postgres)
  ✓ wave 73: politics — a repelled raid put the block on alert for eight hours and told the loser nothing, and the win never named how long
  ✓ wave 64: thirteen act()-pressed routes that said nothing now name what they did
  ✓ wave 65: two shared clocks and a fare that were charged without being named
  ✓ wave 66: a paid activation that never named its window, and a burn that read as a deposit
  ✓ wave 67: four entries that took the money and never named when the bell rings
  ✓ wave 68: the hired gun — a fee that burned whether or not anybody died, and never said so
  ✓ wave 69: six purchases that named what they bought and left the price off — four of the five $OMR burns in one file, plus founding a family and the envelope
  ✓ wave 70: the den — a stake taken at the deal and never named, and a whole pass line reported as one net figure
[db] pg-mem in-memory database (set DATABASE_URL for Postgres)
  ✓ wave 73: freight — an offshore handoff and a tip-off that said "done.", a refund with no currency on it, a hull that said less than its own tune-up, and a refusal that named the district by its storage key
[db] pg-mem in-memory database (set DATABASE_URL for Postgres)
  ✓ wave 73: empire — a front named by its storage key, a beating nobody was told about, a refusal that named one of three live specs, and the biggest purchase on the screen quoting only what the seller walked away with
[db] pg-mem in-memory database (set DATABASE_URL for Postgres)
  ✓ wave 73: chain — a voucher signed (or not signed at all) for "done.", a one-per-bloodline portrait mint that said nothing, a vested release with no word on what stayed locked, a paid credit spent in silence, and a signing payload rendered as a toast
[db] pg-mem in-memory database (set DATABASE_URL for Postgres)
  ✓ wave 75: the parallel sweep's 15 findings driven — the buy verbs price themselves, the crackdown stopped reading as an empty till, the loss lines state the lay-up, the cast-off and the hire carry their terms, the high-stakes refusal explains itself both ways, and the co-op rout splits its material with the database agreeing
[db] pg-mem in-memory database (set DATABASE_URL for Postgres)
  ✓ wave 76: the deed receipt names the seven figures it charged, and the crew room stopped swallowing a refusal that costs a player their typed line
✅ client wiring test passed — across the console AND /admin: of 656 routes they can call, 651 resolve to a really-mounted route (segment-wise, so /v1/streets/:id/jump cannot match /v1/streets/roster) and the 5 that build their action at runtime are expanded over every value the client can pick — 18 concrete routes, all mounted, none left unverifiable; all 30 catalog-backed values they hardcode are ids the server recognises; and every field in 209 request bodies is one its own route actually reads — including the ones that hand the whole body to a module, followed a file deeper to the parameter it lands in — through a barrel re-export if it takes one. And the mirror: the 851 TOP-LEVEL fields the screens read off 151 boards are fields those boards really return, observed by fetching each one — plus the 871 fields they read off the ELEMENTS of 152 lists, which is where most board rendering lives and which needed a fixture that makes one of everything, because an empty list must never read as a pass. And the fifth way, which is not death but a lie: of those lists, 90 hang a CLICK on each row, and where the server sends that row a gate the renderer has to read it — a control that looks live and only refuses once pressed is the game withholding its own rule. And the SIXTH, which is not a lie but a silence: where a board states an ONGOING cost — the pad, the nut, the cold clock — the screen rendering it has to read that too, because a card that takes your money without mentioning what it keeps costing is how both of those reached a tester. Those are the ways a button lies — this has found four dead routes, seven ignored fields, two element fields the board never sent (a LEGENDARY chip that had never once rendered) and a lane picker that offered every route to a level-6 player and refused on press, among them a broken action, an ammo box sold by a control that asked for a quantity it could not honour, and an unstake box that emptied the whole stake whatever you typed. And the SEVENTH, which is not a bug but the door one walks through: the tight allowlists 5 and 6 enforce cannot see a gate or a cost shipped under a name they do not yet know, so a completeness sweep flags every field across all 151 boards whose NAME reads like a gate or an ongoing cost — each must be enforced above or waived here with a reason (19 are), so a new one is a decision on the record, not a silent regression. And the EIGHTH, which is not a lie but a shrug: a button that works and then says nothing. act() toasts describe() with no override, so 285 driven actions must each read back as something a player can act on — a play session found 65 that said nothing usable, among them an unstake that had just opened a six-hour window in which that $OMR can be looted off you, and a bank deposit that rides in transit and is lootable until it clears — both TERMS, not flavour — and an errand that signs a player up for a THREE-DAY job while carrying the very task it would not name. 16 fields have catalogs and every other literal field is either an i18n key or declared not-an-API-value, so a new one forces that decision instead of being skipped in silence. And the NINTH, which check 5 is satisfied by and cannot see: reading a wall is not enforcing it. 8 clickable rows state a LEVEL requirement, and each must compare it to the player's level — directly, through a helper its renderer defines, or by deferring to a boolean the server derived from it. Printing the number in the label satisfies "the renderer reads the gate" while leaving the control live, which is worse than silence because the player reads a wall as trivia: a play session found four that way — the heist picker, the open crew board, the world crew raid and the Empire catalog all stated a level over a live button and refused on press. And the TENTH, the same class on the family's other axis: 30 routes can refuse rank, and the 11 data-do controls and 17 wired controls reaching one are each drawn behind a rank test — checked at the CONDITION that drew them, walking out through the enclosing interpolations, because a byte window reads the neighbouring button's gate as this one's. A soldier was offered "sue for peace" and "declare a family war (boss only)" thirty lines below the frontier controls that read the server's own canCommand, and both answered 400 rank. And the ELEVENTH, the same class on a wall a player raises themselves: a safehouse is a shield, not a bunker, so 14 routes that turn what you own into money refuse while you are to ground — and the 6 data-do plus 6 wired take-controls reaching one now each read that state, the figure still on screen because it is the reason to surface. The Empire read "$120,017 READY TO COLLECT - collect before the pad or a raid eats it" over a live button while the server answered safe, on a screen whose own warning advises going to ground. And the TWELFTH, which is the EIGHTH swept instead of driven: check 8 proves the 285 actions it DRIVES read as something, and nineteen play waves found the rest one cluster at a time. This runs every act()-reachable reply in src/ through the real describe() and flags the ones that render the catch-all — 7 of them sit on routes the console presses, and each is declared with the property that makes the silence right. It found thirteen live: the WINDOW, the one rail turning $OMR back into cash, said "done." over the burn, the rate and the family's cut; squaring your name read "paid $50,000" for a purchase that lifts the WANTED mark and the welsher brand together; fencing a score framed money RECEIVED as money spent; and the sovereignty pad's nothing-owed early return had dropped the one field its own branch reads, so the line written for exactly that case was unreachable.
[db] pg-mem in-memory database (set DATABASE_URL for Postgres)
  ✓ WAVE 77: three rolling buckets name the REMAINDER (and when they reopen), on the board and at the till
  ✓ WAVE 78: an auction bid names the ESCROW, the one way back, and the figure that beats it
  ✓ WAVE 79: cooldown refusals name the wait AND carry it as data (fire + boost, both clock shapes)
  ✓ WAVE 80: the SUCCESS reply names the clock it just armed (the cutman's rest + all three race verbs)
  ✓ WAVE 80: the SUCCESS reply names what it CHARGED too (the shovel on cold ground, the jump's energy + the bed, the board's take at post and at cancel)
  ✓ WAVE 80: the shared front window, the fighter who took it, the paper's net and the fill's house take all reach the player
  ✓ WAVE 81: founding and joining a crew name the pact they bind and the seats; the crew hit names its kind
