⚠️  preflight: Neither PUBLIC_URL nor SOCIAL_GAME_URL is set — every referral link, share prompt and social card will point at the built-in default domain, not yours. Set PUBLIC_URL to this server's own origin (it is also what one-click X sign-in derives its callback from).
⚠️  preflight: INVARIANT_WEBHOOK_URL is not set — the §10.4 economy-drift, backup-failure, oracle-halt and real-value-invariant alarms have nowhere to shout and reach only a log line. Set it (a Slack/Discord webhook) on BOTH processes: the worker fires most alarms, and the API is the only one that can page when the WORKER is dead.
⚠️  preflight: TRUST_PROXY is off: behind a load balancer every request looks like one IP, so the per-IP auth throttle collapses to a single shared bucket.
[db] Postgres ready — column migration ran 2956 ADD COLUMN IF NOT EXISTS statements.
{"component":"player-command","phase":"request","correlationId":"4f59901d-5f95-4032-bc2f-40c8bd5f6bdf"}
{"component":"player-command","phase":"authorization","correlationId":"4f59901d-5f95-4032-bc2f-40c8bd5f6bdf","outcome":"allowed"}
{"component":"player-command","phase":"response","correlationId":"4f59901d-5f95-4032-bc2f-40c8bd5f6bdf","statusCode":200,"elapsedMs":132}
{"component":"player-command","phase":"request","correlationId":"baa3b37b-072c-4c01-82eb-0b5e414c619b"}
{"component":"player-command","phase":"authorization","correlationId":"baa3b37b-072c-4c01-82eb-0b5e414c619b","outcome":"allowed"}
{"component":"player-command","phase":"response","correlationId":"baa3b37b-072c-4c01-82eb-0b5e414c619b","statusCode":200,"elapsedMs":33}
{"component":"player-command","phase":"request","correlationId":"59afe5fd-49c3-4d97-ad5d-0c671e600402"}
{"component":"player-command","phase":"authorization","correlationId":"59afe5fd-49c3-4d97-ad5d-0c671e600402","outcome":"allowed"}
{"component":"player-command","phase":"response","correlationId":"59afe5fd-49c3-4d97-ad5d-0c671e600402","statusCode":200,"elapsedMs":45}
{"component":"player-command","phase":"request","correlationId":"7e4236f0-0249-4839-947c-32176942dc65"}
{"component":"player-command","phase":"authorization","correlationId":"7e4236f0-0249-4839-947c-32176942dc65","outcome":"allowed"}
{"component":"player-command","phase":"command","correlationId":"7e4236f0-0249-4839-947c-32176942dc65"}
{"component":"player-command","phase":"mutation","correlationId":"7e4236f0-0249-4839-947c-32176942dc65","outcome":"completed","replayed":false}
{"component":"player-command","phase":"consequence","correlationId":"7e4236f0-0249-4839-947c-32176942dc65","replayed":false,"changes":2}
{"component":"player-command","phase":"opportunity","correlationId":"7e4236f0-0249-4839-947c-32176942dc65","replayed":false,"changes":2}
{"component":"player-command","phase":"response","correlationId":"7e4236f0-0249-4839-947c-32176942dc65","statusCode":200,"elapsedMs":169}
{"component":"player-command","phase":"request","correlationId":"583a6fe9-4d4b-47c9-ac8f-a7cc6ff870a0"}
{"component":"player-command","phase":"authorization","correlationId":"583a6fe9-4d4b-47c9-ac8f-a7cc6ff870a0","outcome":"allowed"}
{"component":"player-command","phase":"response","correlationId":"583a6fe9-4d4b-47c9-ac8f-a7cc6ff870a0","statusCode":200,"elapsedMs":51}
{"component":"player-command","phase":"request","correlationId":"cf48cdc9-3501-409d-9a80-77e41d57b6e3"}
{"component":"player-command","phase":"authorization","correlationId":"cf48cdc9-3501-409d-9a80-77e41d57b6e3","outcome":"allowed"}
{"component":"player-command","phase":"response","correlationId":"cf48cdc9-3501-409d-9a80-77e41d57b6e3","statusCode":200,"elapsedMs":37}
{"component":"player-command","phase":"request","correlationId":"fc780021-7cf5-4cc5-bb96-3b3105e46871"}
{"component":"player-command","phase":"authorization","correlationId":"fc780021-7cf5-4cc5-bb96-3b3105e46871","outcome":"allowed"}
{"component":"player-command","phase":"response","correlationId":"fc780021-7cf5-4cc5-bb96-3b3105e46871","statusCode":200,"elapsedMs":48}
{"component":"player-command","phase":"request","correlationId":"614b7a63-2467-455c-90ab-686322e662ea"}
{"component":"player-command","phase":"authorization","correlationId":"614b7a63-2467-455c-90ab-686322e662ea","outcome":"allowed"}
{"component":"player-command","phase":"response","correlationId":"614b7a63-2467-455c-90ab-686322e662ea","statusCode":200,"elapsedMs":41}
{"component":"player-command","phase":"request","correlationId":"f277bd28-0d1f-4335-b7fd-d22864ab0e52"}
{"component":"player-command","phase":"authorization","correlationId":"f277bd28-0d1f-4335-b7fd-d22864ab0e52","outcome":"allowed"}
{"component":"player-command","phase":"response","correlationId":"f277bd28-0d1f-4335-b7fd-d22864ab0e52","statusCode":200,"elapsedMs":47}
{"component":"player-command","phase":"request","correlationId":"50f5744c-e9ed-4c8b-848a-ba20cfa3e49d"}
{"component":"player-command","phase":"authorization","correlationId":"50f5744c-e9ed-4c8b-848a-ba20cfa3e49d","outcome":"allowed"}
{"component":"player-command","phase":"response","correlationId":"50f5744c-e9ed-4c8b-848a-ba20cfa3e49d","statusCode":200,"elapsedMs":74}
{"component":"player-command","phase":"request","correlationId":"e1446012-3cdc-491b-8f1d-512f72a45592"}
{"component":"player-command","phase":"authorization","correlationId":"e1446012-3cdc-491b-8f1d-512f72a45592","outcome":"allowed"}
{"component":"player-command","phase":"response","correlationId":"e1446012-3cdc-491b-8f1d-512f72a45592","statusCode":200,"elapsedMs":34}
{"component":"player-command","phase":"request","correlationId":"5be30f9d-426c-4268-b327-ec603c565e6a"}
{"component":"player-command","phase":"authorization","correlationId":"5be30f9d-426c-4268-b327-ec603c565e6a","outcome":"allowed"}
{"component":"player-command","phase":"command","correlationId":"5be30f9d-426c-4268-b327-ec603c565e6a"}
{"component":"player-command","phase":"mutation","correlationId":"5be30f9d-426c-4268-b327-ec603c565e6a","outcome":"completed","replayed":false}
{"component":"player-command","phase":"consequence","correlationId":"5be30f9d-426c-4268-b327-ec603c565e6a","replayed":false,"changes":2}
{"component":"player-command","phase":"opportunity","correlationId":"5be30f9d-426c-4268-b327-ec603c565e6a","replayed":false,"changes":2}
{"component":"player-command","phase":"response","correlationId":"5be30f9d-426c-4268-b327-ec603c565e6a","statusCode":200,"elapsedMs":141}
{"component":"player-command","phase":"request","correlationId":"bb117974-d305-4362-99a0-d508b17eadbf"}
{"component":"player-command","phase":"authorization","correlationId":"bb117974-d305-4362-99a0-d508b17eadbf","outcome":"allowed"}
{"component":"player-command","phase":"response","correlationId":"bb117974-d305-4362-99a0-d508b17eadbf","statusCode":200,"elapsedMs":39}
{"component":"player-command","phase":"request","correlationId":"41b2b12e-0668-42e3-ad47-c4b84c8a3d23"}
{"component":"player-command","phase":"authorization","correlationId":"41b2b12e-0668-42e3-ad47-c4b84c8a3d23","outcome":"allowed"}
{"component":"player-command","phase":"response","correlationId":"41b2b12e-0668-42e3-ad47-c4b84c8a3d23","statusCode":200,"elapsedMs":36}
{"component":"player-command","phase":"request","correlationId":"1f8518ce-0115-4df1-ac56-972c562a6f57"}
{"component":"player-command","phase":"authorization","correlationId":"1f8518ce-0115-4df1-ac56-972c562a6f57","outcome":"allowed"}
{"component":"player-command","phase":"response","correlationId":"1f8518ce-0115-4df1-ac56-972c562a6f57","statusCode":200,"elapsedMs":37}
{"component":"player-command","phase":"request","correlationId":"7736bf81-98ab-47da-b042-e23630a624c4"}
{"component":"player-command","phase":"authorization","correlationId":"7736bf81-98ab-47da-b042-e23630a624c4","outcome":"allowed"}
{"component":"player-command","phase":"response","correlationId":"7736bf81-98ab-47da-b042-e23630a624c4","statusCode":200,"elapsedMs":36}
{"status":"PASS","results":[{"viewport":{"width":390,"height":844},"firstActionMs":4928,"firstCanonicalAction":"Investigate: The Missing Carbon Index","commandCompleted":true,"consequenceVisible":true,"reload":true,"javascriptErrors":[]},{"viewport":{"width":360,"height":800},"firstActionMs":4126,"firstCanonicalAction":"Investigate: The Missing Carbon Index","commandCompleted":true,"consequenceVisible":true,"reload":true,"javascriptErrors":[]}]}
