⚠️  preflight: Neither PUBLIC_URL nor SOCIAL_GAME_URL is set — every referral link, share prompt and social card will point at the built-in default domain, not yours. Set PUBLIC_URL to this server's own origin (it is also what one-click X sign-in derives its callback from).
⚠️  preflight: INVARIANT_WEBHOOK_URL is not set — the §10.4 economy-drift, backup-failure, oracle-halt and real-value-invariant alarms have nowhere to shout and reach only a log line. Set it (a Slack/Discord webhook) on BOTH processes: the worker fires most alarms, and the API is the only one that can page when the WORKER is dead.
⚠️  preflight: TRUST_PROXY is off: behind a load balancer every request looks like one IP, so the per-IP auth throttle collapses to a single shared bucket.
[db] Postgres ready — column migration ran 2956 ADD COLUMN IF NOT EXISTS statements.
{"component":"player-command","phase":"request","correlationId":"332a2779-cd1d-453d-93af-5607f429a5ed"}
{"component":"player-command","phase":"authorization","correlationId":"332a2779-cd1d-453d-93af-5607f429a5ed","outcome":"allowed"}
{"component":"player-command","phase":"response","correlationId":"332a2779-cd1d-453d-93af-5607f429a5ed","statusCode":200,"elapsedMs":94}
{"component":"player-command","phase":"request","correlationId":"a9af0621-b8c8-4eb2-84d8-0822cf3057d2"}
{"component":"player-command","phase":"authorization","correlationId":"a9af0621-b8c8-4eb2-84d8-0822cf3057d2","outcome":"allowed"}
{"component":"player-command","phase":"response","correlationId":"a9af0621-b8c8-4eb2-84d8-0822cf3057d2","statusCode":200,"elapsedMs":29}
{"component":"player-command","phase":"request","correlationId":"99075cdf-fc88-49f6-9e56-4bcdd737a1d0"}
{"component":"player-command","phase":"authorization","correlationId":"99075cdf-fc88-49f6-9e56-4bcdd737a1d0","outcome":"allowed"}
{"component":"player-command","phase":"response","correlationId":"99075cdf-fc88-49f6-9e56-4bcdd737a1d0","statusCode":200,"elapsedMs":28}
{"component":"player-command","phase":"request","correlationId":"9aa9d1dc-5144-40a8-9a75-01cf310bbd71"}
{"component":"player-command","phase":"authorization","correlationId":"9aa9d1dc-5144-40a8-9a75-01cf310bbd71","outcome":"allowed"}
{"component":"player-command","phase":"response","correlationId":"9aa9d1dc-5144-40a8-9a75-01cf310bbd71","statusCode":200,"elapsedMs":29}
{"component":"player-command","phase":"request","correlationId":"83d52233-8eb5-4d66-930f-ecad1b091262"}
{"component":"player-command","phase":"authorization","correlationId":"83d52233-8eb5-4d66-930f-ecad1b091262","outcome":"allowed"}
{"component":"player-command","phase":"command","correlationId":"83d52233-8eb5-4d66-930f-ecad1b091262"}
{"component":"player-command","phase":"mutation","correlationId":"83d52233-8eb5-4d66-930f-ecad1b091262","outcome":"completed","replayed":false}
{"component":"player-command","phase":"consequence","correlationId":"83d52233-8eb5-4d66-930f-ecad1b091262","replayed":false,"changes":2}
{"component":"player-command","phase":"opportunity","correlationId":"83d52233-8eb5-4d66-930f-ecad1b091262","replayed":false,"changes":2}
{"component":"player-command","phase":"response","correlationId":"83d52233-8eb5-4d66-930f-ecad1b091262","statusCode":200,"elapsedMs":169}
{"component":"player-command","phase":"request","correlationId":"b5b1ad81-c413-492a-9e2b-64aa68528837"}
{"component":"player-command","phase":"authorization","correlationId":"b5b1ad81-c413-492a-9e2b-64aa68528837","outcome":"allowed"}
{"component":"player-command","phase":"command","correlationId":"b5b1ad81-c413-492a-9e2b-64aa68528837"}
{"component":"player-command","phase":"mutation","correlationId":"b5b1ad81-c413-492a-9e2b-64aa68528837","outcome":"completed","replayed":true}
{"component":"player-command","phase":"consequence","correlationId":"b5b1ad81-c413-492a-9e2b-64aa68528837","replayed":true,"changes":0}
{"component":"player-command","phase":"opportunity","correlationId":"b5b1ad81-c413-492a-9e2b-64aa68528837","replayed":true,"changes":0}
{"component":"player-command","phase":"response","correlationId":"b5b1ad81-c413-492a-9e2b-64aa68528837","statusCode":200,"elapsedMs":65}
{"component":"player-command","phase":"request","correlationId":"6a02177b-3753-4cf4-b395-b1bdb220b830"}
{"component":"player-command","phase":"authorization","correlationId":"6a02177b-3753-4cf4-b395-b1bdb220b830","outcome":"allowed"}
{"component":"player-command","phase":"response","correlationId":"6a02177b-3753-4cf4-b395-b1bdb220b830","statusCode":200,"elapsedMs":32}
{"component":"player-command","phase":"request","correlationId":"1baebe0b-65bf-4a59-8437-cdab96012583"}
{"component":"player-command","phase":"authorization","correlationId":"1baebe0b-65bf-4a59-8437-cdab96012583","outcome":"allowed"}
{"component":"player-command","phase":"response","correlationId":"1baebe0b-65bf-4a59-8437-cdab96012583","statusCode":200,"elapsedMs":34}
{"component":"player-command","phase":"request","correlationId":"498c381e-7c81-4c2d-8b3e-9979bd6498e7"}
{"component":"player-command","phase":"authorization","correlationId":"498c381e-7c81-4c2d-8b3e-9979bd6498e7","outcome":"allowed"}
{"component":"player-command","phase":"response","correlationId":"498c381e-7c81-4c2d-8b3e-9979bd6498e7","statusCode":200,"elapsedMs":29}
{"component":"player-command","phase":"request","correlationId":"7d6853e5-dc34-4ef0-a619-faadfafa1344"}
{"component":"player-command","phase":"authorization","correlationId":"7d6853e5-dc34-4ef0-a619-faadfafa1344","outcome":"allowed"}
{"component":"player-command","phase":"response","correlationId":"7d6853e5-dc34-4ef0-a619-faadfafa1344","statusCode":200,"elapsedMs":30}
{"component":"player-command","phase":"request","correlationId":"a3135feb-7fb9-4840-ab16-b04e4c530df3"}
{"component":"player-command","phase":"authorization","correlationId":"a3135feb-7fb9-4840-ab16-b04e4c530df3","outcome":"allowed"}
{"component":"player-command","phase":"response","correlationId":"a3135feb-7fb9-4840-ab16-b04e4c530df3","statusCode":200,"elapsedMs":27}
{"component":"player-command","phase":"request","correlationId":"ef39d789-2654-47c9-b131-5414663d8879"}
{"component":"player-command","phase":"authorization","correlationId":"ef39d789-2654-47c9-b131-5414663d8879","outcome":"allowed"}
{"component":"player-command","phase":"command","correlationId":"ef39d789-2654-47c9-b131-5414663d8879"}
{"component":"player-command","phase":"mutation","correlationId":"ef39d789-2654-47c9-b131-5414663d8879","outcome":"completed","replayed":false}
{"component":"player-command","phase":"consequence","correlationId":"ef39d789-2654-47c9-b131-5414663d8879","replayed":false,"changes":2}
{"component":"player-command","phase":"opportunity","correlationId":"ef39d789-2654-47c9-b131-5414663d8879","replayed":false,"changes":2}
{"component":"player-command","phase":"response","correlationId":"ef39d789-2654-47c9-b131-5414663d8879","statusCode":200,"elapsedMs":127}
{"component":"player-command","phase":"request","correlationId":"3834f40c-8bf4-4bcb-afb7-960c006c53d7"}
{"component":"player-command","phase":"authorization","correlationId":"3834f40c-8bf4-4bcb-afb7-960c006c53d7","outcome":"allowed"}
{"component":"player-command","phase":"command","correlationId":"3834f40c-8bf4-4bcb-afb7-960c006c53d7"}
{"component":"player-command","phase":"mutation","correlationId":"3834f40c-8bf4-4bcb-afb7-960c006c53d7","outcome":"completed","replayed":true}
{"component":"player-command","phase":"consequence","correlationId":"3834f40c-8bf4-4bcb-afb7-960c006c53d7","replayed":true,"changes":0}
{"component":"player-command","phase":"opportunity","correlationId":"3834f40c-8bf4-4bcb-afb7-960c006c53d7","replayed":true,"changes":0}
{"component":"player-command","phase":"response","correlationId":"3834f40c-8bf4-4bcb-afb7-960c006c53d7","statusCode":200,"elapsedMs":85}
{"component":"player-command","phase":"request","correlationId":"da4f72d7-d732-4dcd-b469-b7bcdf434ec5"}
{"component":"player-command","phase":"authorization","correlationId":"da4f72d7-d732-4dcd-b469-b7bcdf434ec5","outcome":"allowed"}
{"component":"player-command","phase":"response","correlationId":"da4f72d7-d732-4dcd-b469-b7bcdf434ec5","statusCode":200,"elapsedMs":41}
{"component":"player-command","phase":"request","correlationId":"95311c00-384e-4cb9-b473-ffdb5eca953f"}
{"component":"player-command","phase":"authorization","correlationId":"95311c00-384e-4cb9-b473-ffdb5eca953f","outcome":"allowed"}
{"component":"player-command","phase":"response","correlationId":"95311c00-384e-4cb9-b473-ffdb5eca953f","statusCode":200,"elapsedMs":33}
{"status":"PASS","results":[{"viewport":{"width":390,"height":844},"firstActionMs":23748,"firstCanonicalAction":"Investigate: The Missing Carbon Index","commandCompleted":true,"consequenceVisible":true,"reload":true,"javascriptErrors":[],"lostCommittedResponse":true,"exactIdentityReplay":true,"committedCensus":{"coordination_instances":1,"coordination_commands":1,"content_instances":0,"content_instance_nodes":0,"content_instance_effects":0,"mystery_instances":0,"item_events":0,"world_kernel_events":0,"world_operation_events":0},"latencyMs":750,"nameLength":24,"reducedViewportInput":true},{"viewport":{"width":360,"height":800},"firstActionMs":22560,"firstCanonicalAction":"Investigate: The Missing Carbon Index","commandCompleted":true,"consequenceVisible":true,"reload":true,"javascriptErrors":[],"lostCommittedResponse":true,"exactIdentityReplay":true,"committedCensus":{"coordination_instances":2,"coordination_commands":2,"content_instances":0,"content_instance_nodes":0,"content_instance_effects":0,"mystery_instances":0,"item_events":0,"world_kernel_events":0,"world_operation_events":0},"latencyMs":750,"nameLength":24,"reducedViewportInput":true}]}
