[db] pg-mem in-memory database (set DATABASE_URL for Postgres)
FAIL 320px: AssertionError [ERR_ASSERTION]: The next browser action must be server-issued and available
    at executeVisible (file:///C:/Users/Jorge/Documents/Omerta-rc1/tools/rc1-mobile-journeys.js:76:7)
    at file:///C:/Users/Jorge/Documents/Omerta-rc1/tools/rc1-mobile-journeys.js:235:37
    at process.processTicksAndRejections (node:internal/process/task_queues:104:5)
[db] pg-mem in-memory database (set DATABASE_URL for Postgres)
FAIL 390px: AssertionError [ERR_ASSERTION]: The next browser action must be server-issued and available
    at executeVisible (file:///C:/Users/Jorge/Documents/Omerta-rc1/tools/rc1-mobile-journeys.js:76:7)
    at file:///C:/Users/Jorge/Documents/Omerta-rc1/tools/rc1-mobile-journeys.js:235:37
    at process.processTicksAndRejections (node:internal/process/task_queues:104:5)
node:internal/modules/run_main:107
    triggerUncaughtException(
    ^

AssertionError [ERR_ASSERTION]: RC1 mobile entry/recovery journey failed; see evidence
    at file:///C:/Users/Jorge/Documents/Omerta-rc1/tools/rc1-mobile-journeys.js:263:1 {
  generatedMessage: false,
  code: 'ERR_ASSERTION',
  actual: false,
  expected: true,
  operator: '==',
  diff: 'simple'
}

Node.js v24.19.0
