{"command":"node test/liquidityindexer.js","database":"omerta_liquidity_indexer_test","started":"2026-09-20T22:54:07.517Z"}
[db] Postgres ready — column migration ran 2956 ADD COLUMN IF NOT EXISTS statements.
PASS nested permissionless native sweep books exact wei and canonical time
PASS OMR hook sweep proves all four deliveries without fabricating native revenue
PASS missing OMR fee deliveries reject a forged event and keep the cursor
PASS POL collection and immediate nested token distribution settle in canonical order
PASS one outer transaction may contain two independently delivered executor sequences
PASS one missing later delivery rolls back earlier receipt accounting and cursor
PASS exact RPC duplicate logs are deduplicated
PASS conflicting RPC duplicates cannot enter accounting
PASS removed logs are rejected before cursor advancement
PASS wrong chain and historical code changes fail closed
PASS historical fixed recipient mismatch cannot relabel native inflow
PASS same-block Hook recipient rotation and restoration cannot fabricate native revenue
PASS changed canonical receipt hash and failed receipts are rejected
PASS an indexed log must exactly occur in its canonical receipt
PASS partial provider pages cannot omit another supported event from a discovered receipt
PASS reorg observed after accounting rolls back both book and cursor
PASS a reorg behind the saved cursor is detected before scanning onward
PASS backlog keeps caughtUp false and pages never exceed confirmed head
PASS same-transaction token flows can be replayed after cursor recovery without double credit
PASS POL principal and fee legs use separate receipt delivery segments
PASS undeclared watched-currency events hold the whole page
PASS historical Desk recovery uses only a preceding real price and preserves receipt time
PASS a future Vig print cannot authorize historical Desk recovery
PASS an approved matching keeper journal supplies the historical Desk strategy
PASS PostgreSQL micro-unit credits never exceed a large exact physical delivery
PASS sub-micro physical token receipts settle with zero signable credit
PASS two independent processes serialize on PostgreSQL domain locks and settle once
{"suite":"canonical liquidity indexer","passed":27,"postgres":true,"rpc":"deterministic fixture","crossProcessLock":true}
{"command":"node test/liquidityindexer.js","database":"omerta_liquidity_indexer_test","started":"2026-09-20T22:54:07.517Z","finished":"2026-09-20T22:54:20.084Z","status":0}
