✓ 73 gate requirements hold across 5 families
✓ completeness: 14 street crimes and every collect* action are classified
✓ 4 participation cash faucets exclude agents at the point of payment (3 waived with a stated reason)
✓ no site hand-rolls a gate
✓ no module re-defines jailed/hospitalized/safeHoused — every gate resolves to the one definition
✓ all 28 wrong-location refusals carry the destination as data — the client turns every one into a "go there" button
✅ THE GATE MATRIX passed — every verb in a family enforces the gates its siblings do, checked through direct calls, shared assert helpers and inline column comparisons alike; the membership is derived from the code rather than trusted, so a new street crime or collect action cannot slip past unclassified; the sites that hand-roll a gate instead of calling the helper are named rather than quietly accepted; and no module may re-define a canonical predicate, which is the shape the inline check structurally cannot see. Scope: it proves a gate is REACHED, not that it is correct.
✓ all 9 real-value price surfaces are walled or waived with a stated bound
✓ all 126 pooled connections are released before their function returns
✓ all 9 vehicle handovers clear the consent flags and the consumable
✓ all 35 human status boards exclude residents (11 waived with a stated reason)
✓ every code 11 watcher recorders can throw is classified poison or waived
✓ all 81 worker jobs are isolated and every wrapped result is read null-safely
✓ all 4 guarded worker schedulers are registered before they are first run
✓ the season rollover -- the one job linear in the population -- runs off the alarm tick
✓ the worker watchdog names the job it is stuck in, across 123 un-nested safe() jobs, and restarts the process after 30m
✓ the API watches the worker heartbeat and shouts on the founder channel, one shared threshold
✓ all 21 catalog gates test membership, not truthiness (6 waived with a stated reason)
✓ all 12 watched event signatures match their contract declaration on type, indexed-ness AND parameter name (2 external)
✓ all 38 decoded-log field reads name a parameter their own event declares
✓ all 118 multi-lock transactions agree on one order for each of 131 pairs, and no contended row (186 lock sites, 105 of them write-form) is taken before a character row
✓ all 42 Promise.all sites are exact-classified as genuine-pool/non-PG concurrency; no shared pg client is waived by syntax inference
✓ all 178 personal notification types render a sentence, and every multi-shape type branches (329 emit sites, 250 types)
✓ every money figure across all 2122 GameError refusals is formatted for a player
✓ all 34 refusal messages naming a catalog rung let the NAME supply its own article
✓ all 73 client lines naming a catalog rung let the NAME supply its own article
✓ all 163 catalog ids in player-visible payloads carry a name (28 declared handles)
  ✓ no wire line renders a raw catalog id (37 rendered id fields across 228 templates)
  ✓ no query binds a JS array to ANY/SOME($n); 6 exact scalar-literal expressions and 73 IN(…) sites govern the rule
  ✓ all 229 SQL interpolations are shape-safe (150) or declared (55) — no user string can reach SQL text
  ✓ all 259 test suites are run (257) or declared (2), and all 34 scripts the workflow calls exist
  ✓ CI keeps exactly two jobs: suites at 60m and pgcheck at 20m, with every lane intact
  ✓ the web-push key pair is declared once, in the shared group both services pull, and the panel says its LIVE reading only covers this process
  ✓ all 47 module-scope collections carry a single-instance posture (2 shared, each named in render.yaml); numInstances stays undeclared
  ✓ the alarm channel reaches the API, so the watchdog that covers a dark worker can page
✓ all 14 awaited child exits are captured at spawn (1 declared: reads exitCode first, with a timeout)
✓ every relative import reachable from 1 publishable package (1 source file) is in the tarball npm would publish
✓ all 39 cooldown refusals carry the remainder — none says only "not yet"
✓ all 11 rolling token buckets classified — 4 refuse and name what is left, 7 refuse nobody
