
> omerta-backend@1.2.0 scale
> node tools/scale.js

[db] pg-mem in-memory database (set DATABASE_URL for Postgres)

════ POPULATION-SCALE CENSUS — 18 players + 8 residents, 2 days ════

LIQUIDITY — is anyone on the other side?
  black market — car auctions           3 live  ✓
  black market — goods lots             0 live  ✗ EMPTY
  black market — buy orders             6 live  ✓
  the shylock — open loan offers       11 live  ✓
  the shylock — active debts            9 live  ✓
  the contract board — live pots        4 live  ✓
  bodyguards for hire                   9 live  ✓
  the dueling ladder — listed           6 live  ✓
  back-room dice — faders               8 live  ✓
  speakeasies open                      1 live  ~ thin

THE STREET TAKE — what funds the Exchange window (tokenomics v2)
  pool after 2 days      $2,136
  per player per day        $59  ← the rate that scales

AVAILABILITY — when a player went looking, was anyone there?
  goods lots       looked   54   found a counterparty   18 (33%)   of those, closed   18 (100%)
  loan offers      looked   54   found a counterparty   46 (85%)   of those, closed    9 (20%)
  bodyguards       looked   54   found a counterparty   54 (100%)   of those, closed    9 (17%)
  duel listings    looked   54   found a counterparty   54 (100%)   of those, closed    8 (15%)
  buy orders       looked   54   found a counterparty   18 (33%)   of those, closed    2 (11%)
  contracts        looked   54   found a counterparty   50 (93%)   of those, closed    5 (10%)
  duels            looked   54   found a counterparty   54 (100%)   of those, closed    0 (0%)

POSTED (supply side — what the town put on the boards)
  listing 18 · order 6 · loan 18 · contract 11 · guard 18 · duel 18 · fade 18 · car 3 · club 1
  NOTE: posted-vs-taken is NOT a liquidity measure. Takes are bounded by per-player caps
  (one debt, one bodyguard, a duel cooldown), so the ratio is ~3/rounds whatever the
  population. Read AVAILABILITY above for density, not this.

WEALTH
  total player cash            $71,166,764
  top 10% hold                 6%
  richest / median             $4,118,606 / $3,985,094

SKIPPED (a branch that could not attempt — a silent zero here would be a harness bug)
     36 × no goods on hand at the order's dock to fill with

REFUSALS (gates doing their job — high counts show what a real town runs into)
     72 × cooldown
     45 × guarded
     44 × hosp
     36 × maxed
     29 × family
     16 × qty
     16 × jailed
     12 × taken
     12 × hosp_self
     12 × max_listings

⚠ 1 driven market(s) ended EMPTY:
  black market — goods lots          CLEARED — everything posted was taken, which is the healthy reading
  (emptiness is a FINDING for balance/design, not a failure — a market can be reachable and still unattractive)

════ THE COACH, ACROSS THE TOWN — 4 distinct lines over 108 player-rounds ════

    43%   16 players  Finish your First Week (3/4)
    36%   13 players  Settle your first score
    19%    5 players  Under the Doc's care
     2%    1 players  You're in lockup

  crew scores: 4 planned · 2 crewed · 2 pulled
  the rungs a SOLO harness cannot test:
    Nobody survives alone  never reached — masked by a rung above it, so this run says nothing about it
    Pull a crew score      never reached — masked by a rung above it, so this run says nothing about it
    Find a crew            never reached — masked by a rung above it, so this run says nothing about it
    Blood on the ledger    never reached — masked by a rung above it, so this run says nothing about it
    Work the wires         never reached — masked by a rung above it, so this run says nothing about it
  (a REPORT, not a bound. What this run MEASURED, walking the town down the ladder one
   milestone at a time — earner, skill points, gun, front — is that each one cleared and
   the NEXT unfinished milestone immediately took its place at the top. That is the
   ladder working exactly as designed: it is a strict priority chain of one-time
   milestones, and the social rungs sit BELOW all of them (banded, then demoted to the
   tail). So a level-51 player who skipped the mid-game walks a dozen rungs before the
   coach ever mentions their family, their crew or the wire — worth a founder's eye,
   because that is precisely the returning veteran. The rungs still masked here need
   $OMR or a specific district, which this diet does not do; the solo harness is where
   a plausible player walks the whole road.)
  engine: pg-mem — banking and earners are off here (pg-mem cannot roll back an accrual, so an
  accruing player who is then refused manufactures §10.4 drift), which leaves the town on the
  First Week rung. The lines above are about THE DIET, not the ladder. Re-run with DATABASE_URL.


✓ §10.4 held: all 55 checks moved by exactly nothing across 2 simulated days
✓ every driven market is reachable — all 9 took real posts
✓ the census reconciles with the flow — nothing posted has vanished from the count
✅ scale complete — the multiplayer economy was driven at population scale, every market censused for a live counterparty, and §10.4 moved by exactly nothing.
