{"component":"player-command","phase":"request","correlationId":"0fab2bc6-654b-4b28-aeb1-3c370faf7454"}
{"component":"player-command","phase":"authorization","correlationId":"0fab2bc6-654b-4b28-aeb1-3c370faf7454","outcome":"denied"}
{"component":"player-command","phase":"response","correlationId":"0fab2bc6-654b-4b28-aeb1-3c370faf7454","statusCode":401,"elapsedMs":5}
{"component":"player-command","phase":"request","correlationId":"ec1e844b-27d1-4951-9cea-152e6f1dc3e7"}
{"component":"player-command","phase":"authorization","correlationId":"ec1e844b-27d1-4951-9cea-152e6f1dc3e7","outcome":"allowed"}
{"component":"player-command","phase":"response","correlationId":"ec1e844b-27d1-4951-9cea-152e6f1dc3e7","statusCode":200,"elapsedMs":187}
{"component":"player-command","phase":"request","correlationId":"9d6ffdaf-d692-4514-8d57-29d5f340bde6"}
{"component":"player-command","phase":"authorization","correlationId":"9d6ffdaf-d692-4514-8d57-29d5f340bde6","outcome":"allowed"}
{"component":"player-command","phase":"response","correlationId":"9d6ffdaf-d692-4514-8d57-29d5f340bde6","statusCode":200,"elapsedMs":281}
{"component":"player-command","phase":"request","correlationId":"b615a712-3061-432a-9956-c4132d0d4e88"}
{"component":"player-command","phase":"authorization","correlationId":"b615a712-3061-432a-9956-c4132d0d4e88","outcome":"allowed"}
{"component":"player-command","phase":"response","correlationId":"b615a712-3061-432a-9956-c4132d0d4e88","statusCode":200,"elapsedMs":238}
{"component":"player-command","phase":"request","correlationId":"45c18f00-341a-4872-8806-b6e93605174c"}
{"component":"player-command","phase":"failure","correlationId":"45c18f00-341a-4872-8806-b6e93605174c","outcome":"unavailable"}
{"component":"player-command","phase":"response","correlationId":"45c18f00-341a-4872-8806-b6e93605174c","statusCode":400,"elapsedMs":1}
{"component":"player-command","phase":"request","correlationId":"2eac84df-8776-4fd1-bcc0-5462fa59c9f7"}
{"component":"player-command","phase":"failure","correlationId":"2eac84df-8776-4fd1-bcc0-5462fa59c9f7","outcome":"unavailable"}
{"component":"player-command","phase":"response","correlationId":"2eac84df-8776-4fd1-bcc0-5462fa59c9f7","statusCode":400,"elapsedMs":0}
{"component":"player-command","phase":"request","correlationId":"2f76d6d8-95c5-4821-bb68-8f21b8286189"}
{"component":"player-command","phase":"failure","correlationId":"2f76d6d8-95c5-4821-bb68-8f21b8286189","outcome":"unavailable"}
{"component":"player-command","phase":"response","correlationId":"2f76d6d8-95c5-4821-bb68-8f21b8286189","statusCode":400,"elapsedMs":0}
{"component":"player-command","phase":"request","correlationId":"d06e7b73-040f-4658-bc82-743c85d8709a"}
{"component":"player-command","phase":"authorization","correlationId":"d06e7b73-040f-4658-bc82-743c85d8709a","outcome":"allowed"}
{"component":"player-command","phase":"command","correlationId":"d06e7b73-040f-4658-bc82-743c85d8709a"}
{"component":"player-command","phase":"failure","correlationId":"d06e7b73-040f-4658-bc82-743c85d8709a","outcome":"unavailable"}
{"component":"player-command","phase":"response","correlationId":"d06e7b73-040f-4658-bc82-743c85d8709a","statusCode":409,"elapsedMs":6}
{"component":"player-command","phase":"request","correlationId":"41b7db80-cc45-4c2e-bb39-38b3a1e4b72f"}
{"component":"player-command","phase":"failure","correlationId":"41b7db80-cc45-4c2e-bb39-38b3a1e4b72f","outcome":"unavailable"}
{"component":"player-command","phase":"response","correlationId":"41b7db80-cc45-4c2e-bb39-38b3a1e4b72f","statusCode":400,"elapsedMs":1}
{"component":"player-command","phase":"request","correlationId":"0efcea01-478a-43e4-b2db-9863ef18c880"}
{"component":"player-command","phase":"authorization","correlationId":"0efcea01-478a-43e4-b2db-9863ef18c880","outcome":"allowed"}
{"component":"player-command","phase":"command","correlationId":"0efcea01-478a-43e4-b2db-9863ef18c880"}
{"component":"player-command","phase":"mutation","correlationId":"0efcea01-478a-43e4-b2db-9863ef18c880","outcome":"completed","replayed":false}
{"component":"player-command","phase":"consequence","correlationId":"0efcea01-478a-43e4-b2db-9863ef18c880","replayed":false,"changes":2}
{"component":"player-command","phase":"opportunity","correlationId":"0efcea01-478a-43e4-b2db-9863ef18c880","replayed":false,"changes":2}
{"component":"player-command","phase":"response","correlationId":"0efcea01-478a-43e4-b2db-9863ef18c880","statusCode":200,"elapsedMs":261}
{"component":"player-command","phase":"request","correlationId":"192885f5-5609-4a16-9d9f-338ab4dfcc8b"}
{"component":"player-command","phase":"authorization","correlationId":"192885f5-5609-4a16-9d9f-338ab4dfcc8b","outcome":"allowed"}
{"component":"player-command","phase":"command","correlationId":"192885f5-5609-4a16-9d9f-338ab4dfcc8b"}
{"component":"player-command","phase":"mutation","correlationId":"192885f5-5609-4a16-9d9f-338ab4dfcc8b","outcome":"completed","replayed":true}
{"component":"player-command","phase":"consequence","correlationId":"192885f5-5609-4a16-9d9f-338ab4dfcc8b","replayed":true,"changes":0}
{"component":"player-command","phase":"opportunity","correlationId":"192885f5-5609-4a16-9d9f-338ab4dfcc8b","replayed":true,"changes":0}
{"component":"player-command","phase":"response","correlationId":"192885f5-5609-4a16-9d9f-338ab4dfcc8b","statusCode":200,"elapsedMs":103}
{"component":"player-command","phase":"request","correlationId":"0dacbd6d-d248-4a86-b1d0-64d5ecd44583"}
{"component":"player-command","phase":"authorization","correlationId":"0dacbd6d-d248-4a86-b1d0-64d5ecd44583","outcome":"allowed"}
{"component":"player-command","phase":"command","correlationId":"0dacbd6d-d248-4a86-b1d0-64d5ecd44583"}
{"component":"player-command","phase":"failure","correlationId":"0dacbd6d-d248-4a86-b1d0-64d5ecd44583","outcome":"unavailable"}
{"component":"player-command","phase":"response","correlationId":"0dacbd6d-d248-4a86-b1d0-64d5ecd44583","statusCode":409,"elapsedMs":1}
director-api: authenticated composed content, per-audience DTO, no enumeration/definition leak, strict opaque dispatch, real discovery, retry and account revocation PASS
