⚠️  preflight: Neither PUBLIC_URL nor SOCIAL_GAME_URL is set — every referral link, share prompt and social card will point at the built-in default domain, not yours. Set PUBLIC_URL to this server's own origin (it is also what one-click X sign-in derives its callback from).
⚠️  preflight: INVARIANT_WEBHOOK_URL is not set — the §10.4 economy-drift, backup-failure, oracle-halt and real-value-invariant alarms have nowhere to shout and reach only a log line. Set it (a Slack/Discord webhook) on BOTH processes: the worker fires most alarms, and the API is the only one that can page when the WORKER is dead.
[db] Postgres ready — column migration ran 2956 ADD COLUMN IF NOT EXISTS statements.
{"component":"player-command","phase":"request","correlationId":"6daf6886-43f6-41bc-a24b-0c4fadea9778"}
{"component":"player-command","phase":"authorization","correlationId":"6daf6886-43f6-41bc-a24b-0c4fadea9778","outcome":"allowed"}
{"component":"player-command","phase":"response","correlationId":"6daf6886-43f6-41bc-a24b-0c4fadea9778","statusCode":200,"elapsedMs":121}
{"component":"player-command","phase":"request","correlationId":"a40a67ed-1aa8-4237-9167-8d809bf45b9c"}
{"component":"player-command","phase":"failure","correlationId":"a40a67ed-1aa8-4237-9167-8d809bf45b9c","outcome":"unavailable"}
{"component":"player-command","phase":"response","correlationId":"a40a67ed-1aa8-4237-9167-8d809bf45b9c","statusCode":400,"elapsedMs":4}
{"component":"player-command","phase":"request","correlationId":"9243dff8-c8e0-4397-ae49-5622a91cc39f"}
{"component":"player-command","phase":"failure","correlationId":"9243dff8-c8e0-4397-ae49-5622a91cc39f","outcome":"unavailable"}
{"component":"player-command","phase":"response","correlationId":"9243dff8-c8e0-4397-ae49-5622a91cc39f","statusCode":400,"elapsedMs":1}
{"component":"player-command","phase":"request","correlationId":"baca4cac-2612-4862-84bb-a74cfc72b5df"}
{"component":"player-command","phase":"failure","correlationId":"baca4cac-2612-4862-84bb-a74cfc72b5df","outcome":"unavailable"}
{"component":"player-command","phase":"response","correlationId":"baca4cac-2612-4862-84bb-a74cfc72b5df","statusCode":400,"elapsedMs":0}
{"component":"player-command","phase":"request","correlationId":"75fa91af-f281-4378-a1db-3ebaccd74a27"}
{"component":"player-command","phase":"failure","correlationId":"75fa91af-f281-4378-a1db-3ebaccd74a27","outcome":"unavailable"}
{"component":"player-command","phase":"response","correlationId":"75fa91af-f281-4378-a1db-3ebaccd74a27","statusCode":400,"elapsedMs":0}
{"component":"player-command","phase":"request","correlationId":"aaa60d8c-ae16-439e-af91-e2818246a628"}
{"component":"player-command","phase":"failure","correlationId":"aaa60d8c-ae16-439e-af91-e2818246a628","outcome":"unavailable"}
{"component":"player-command","phase":"response","correlationId":"aaa60d8c-ae16-439e-af91-e2818246a628","statusCode":400,"elapsedMs":0}
{"component":"player-command","phase":"request","correlationId":"544e635a-5720-45ad-bbea-488af74556fc"}
{"component":"player-command","phase":"failure","correlationId":"544e635a-5720-45ad-bbea-488af74556fc","outcome":"unavailable"}
{"component":"player-command","phase":"response","correlationId":"544e635a-5720-45ad-bbea-488af74556fc","statusCode":400,"elapsedMs":0}
{"component":"player-command","phase":"request","correlationId":"d0a2b7a2-0b84-42c9-a9ec-4c46182b1663"}
{"component":"player-command","phase":"failure","correlationId":"d0a2b7a2-0b84-42c9-a9ec-4c46182b1663","outcome":"unavailable"}
{"component":"player-command","phase":"response","correlationId":"d0a2b7a2-0b84-42c9-a9ec-4c46182b1663","statusCode":400,"elapsedMs":0}
{"component":"player-command","phase":"request","correlationId":"ba3d5d7f-cda3-48ca-aa88-8c4c4341f733"}
{"component":"player-command","phase":"failure","correlationId":"ba3d5d7f-cda3-48ca-aa88-8c4c4341f733","outcome":"unavailable"}
{"component":"player-command","phase":"response","correlationId":"ba3d5d7f-cda3-48ca-aa88-8c4c4341f733","statusCode":400,"elapsedMs":0}
{"component":"player-command","phase":"request","correlationId":"7a605a4d-be08-42ce-87cf-2fd45c74511a"}
{"component":"player-command","phase":"failure","correlationId":"7a605a4d-be08-42ce-87cf-2fd45c74511a","outcome":"unavailable"}
{"component":"player-command","phase":"response","correlationId":"7a605a4d-be08-42ce-87cf-2fd45c74511a","statusCode":400,"elapsedMs":1}
{"component":"player-command","phase":"request","correlationId":"cf8cdf34-47e2-4ce1-9f4e-578317c15f08"}
{"component":"player-command","phase":"failure","correlationId":"cf8cdf34-47e2-4ce1-9f4e-578317c15f08","outcome":"unavailable"}
{"component":"player-command","phase":"response","correlationId":"cf8cdf34-47e2-4ce1-9f4e-578317c15f08","statusCode":400,"elapsedMs":1}
{"component":"player-command","phase":"request","correlationId":"973d48dd-668b-4625-b57b-c23786d0934a"}
{"component":"player-command","phase":"failure","correlationId":"973d48dd-668b-4625-b57b-c23786d0934a","outcome":"unavailable"}
{"component":"player-command","phase":"response","correlationId":"973d48dd-668b-4625-b57b-c23786d0934a","statusCode":400,"elapsedMs":0}
{"component":"player-command","phase":"request","correlationId":"6ece3e7a-7188-496b-bc31-e49abeab28cb"}
{"component":"player-command","phase":"failure","correlationId":"6ece3e7a-7188-496b-bc31-e49abeab28cb","outcome":"unavailable"}
{"component":"player-command","phase":"response","correlationId":"6ece3e7a-7188-496b-bc31-e49abeab28cb","statusCode":400,"elapsedMs":0}
{"component":"player-command","phase":"request","correlationId":"7648563b-2178-4393-8b5c-9f15a1c880eb"}
{"component":"player-command","phase":"failure","correlationId":"7648563b-2178-4393-8b5c-9f15a1c880eb","outcome":"unavailable"}
{"component":"player-command","phase":"response","correlationId":"7648563b-2178-4393-8b5c-9f15a1c880eb","statusCode":400,"elapsedMs":0}
{"component":"player-command","phase":"request","correlationId":"4c43cd9f-6f53-49aa-a0f5-6c4e15f147c8"}
{"component":"player-command","phase":"failure","correlationId":"4c43cd9f-6f53-49aa-a0f5-6c4e15f147c8","outcome":"unavailable"}
{"component":"player-command","phase":"response","correlationId":"4c43cd9f-6f53-49aa-a0f5-6c4e15f147c8","statusCode":400,"elapsedMs":0}
{"component":"player-command","phase":"request","correlationId":"d97ff5de-3e96-4e37-8fd8-e51b30f17b10"}
{"component":"player-command","phase":"failure","correlationId":"d97ff5de-3e96-4e37-8fd8-e51b30f17b10","outcome":"unavailable"}
{"component":"player-command","phase":"response","correlationId":"d97ff5de-3e96-4e37-8fd8-e51b30f17b10","statusCode":400,"elapsedMs":0}
{"component":"player-command","phase":"request","correlationId":"462731c6-6cbf-4127-8d5f-298cda8b9e37"}
{"component":"player-command","phase":"failure","correlationId":"462731c6-6cbf-4127-8d5f-298cda8b9e37","outcome":"unavailable"}
{"component":"player-command","phase":"response","correlationId":"462731c6-6cbf-4127-8d5f-298cda8b9e37","statusCode":400,"elapsedMs":0}
{"component":"player-command","phase":"request","correlationId":"8ace7c7d-fe04-4aa1-84bd-31bbd4dffd0e"}
{"component":"player-command","phase":"failure","correlationId":"8ace7c7d-fe04-4aa1-84bd-31bbd4dffd0e","outcome":"unavailable"}
{"component":"player-command","phase":"response","correlationId":"8ace7c7d-fe04-4aa1-84bd-31bbd4dffd0e","statusCode":400,"elapsedMs":0}
{"component":"player-command","phase":"request","correlationId":"2fece57e-9b86-4a98-9101-c0b84c1eaf28"}
{"component":"player-command","phase":"failure","correlationId":"2fece57e-9b86-4a98-9101-c0b84c1eaf28","outcome":"unavailable"}
{"component":"player-command","phase":"response","correlationId":"2fece57e-9b86-4a98-9101-c0b84c1eaf28","statusCode":409,"elapsedMs":1}
{"component":"player-command","phase":"request","correlationId":"b0b98898-d570-438d-9700-cfab730bf01d"}
{"component":"player-command","phase":"failure","correlationId":"b0b98898-d570-438d-9700-cfab730bf01d","outcome":"unavailable"}
{"component":"player-command","phase":"response","correlationId":"b0b98898-d570-438d-9700-cfab730bf01d","statusCode":409,"elapsedMs":0}
{"component":"player-command","phase":"request","correlationId":"19749a65-b7d1-47ab-be29-0b32bfed479b"}
{"component":"player-command","phase":"authorization","correlationId":"19749a65-b7d1-47ab-be29-0b32bfed479b","outcome":"allowed"}
{"component":"player-command","phase":"command","correlationId":"19749a65-b7d1-47ab-be29-0b32bfed479b"}
{"component":"player-command","phase":"failure","correlationId":"19749a65-b7d1-47ab-be29-0b32bfed479b","outcome":"unavailable"}
{"component":"player-command","phase":"response","correlationId":"19749a65-b7d1-47ab-be29-0b32bfed479b","statusCode":400,"elapsedMs":8}
{"component":"player-command","phase":"request","correlationId":"6891b2e3-fd40-401c-8ad5-bfb3d8568d45"}
{"component":"player-command","phase":"authorization","correlationId":"6891b2e3-fd40-401c-8ad5-bfb3d8568d45","outcome":"allowed"}
{"component":"player-command","phase":"command","correlationId":"6891b2e3-fd40-401c-8ad5-bfb3d8568d45"}
{"component":"player-command","phase":"failure","correlationId":"6891b2e3-fd40-401c-8ad5-bfb3d8568d45","outcome":"unavailable"}
{"component":"player-command","phase":"response","correlationId":"6891b2e3-fd40-401c-8ad5-bfb3d8568d45","statusCode":400,"elapsedMs":3}
{"component":"player-command","phase":"request","correlationId":"5696b2d5-c5e0-46cd-b0c8-42485606b238"}
{"component":"player-command","phase":"authorization","correlationId":"5696b2d5-c5e0-46cd-b0c8-42485606b238","outcome":"allowed"}
{"component":"player-command","phase":"command","correlationId":"5696b2d5-c5e0-46cd-b0c8-42485606b238"}
{"component":"player-command","phase":"failure","correlationId":"5696b2d5-c5e0-46cd-b0c8-42485606b238","outcome":"unavailable"}
{"component":"player-command","phase":"response","correlationId":"5696b2d5-c5e0-46cd-b0c8-42485606b238","statusCode":400,"elapsedMs":3}
{"component":"player-command","phase":"request","correlationId":"bf478daf-523e-49ee-b1fb-5e33724e6757"}
{"component":"player-command","phase":"authorization","correlationId":"bf478daf-523e-49ee-b1fb-5e33724e6757","outcome":"allowed"}
{"component":"player-command","phase":"command","correlationId":"bf478daf-523e-49ee-b1fb-5e33724e6757"}
{"component":"player-command","phase":"failure","correlationId":"bf478daf-523e-49ee-b1fb-5e33724e6757","outcome":"unavailable"}
{"component":"player-command","phase":"response","correlationId":"bf478daf-523e-49ee-b1fb-5e33724e6757","statusCode":400,"elapsedMs":3}
{"component":"player-command","phase":"request","correlationId":"cd87f269-add4-44db-9b82-6e0b00359a4a"}
{"component":"player-command","phase":"authorization","correlationId":"cd87f269-add4-44db-9b82-6e0b00359a4a","outcome":"allowed"}
{"component":"player-command","phase":"command","correlationId":"cd87f269-add4-44db-9b82-6e0b00359a4a"}
{"component":"player-command","phase":"failure","correlationId":"cd87f269-add4-44db-9b82-6e0b00359a4a","outcome":"unavailable"}
{"component":"player-command","phase":"response","correlationId":"cd87f269-add4-44db-9b82-6e0b00359a4a","statusCode":400,"elapsedMs":3}
{"component":"player-command","phase":"request","correlationId":"43e9c190-d513-4d57-81ee-8e8620d477b5"}
{"component":"player-command","phase":"authorization","correlationId":"43e9c190-d513-4d57-81ee-8e8620d477b5","outcome":"allowed"}
{"component":"player-command","phase":"command","correlationId":"43e9c190-d513-4d57-81ee-8e8620d477b5"}
{"component":"player-command","phase":"failure","correlationId":"43e9c190-d513-4d57-81ee-8e8620d477b5","outcome":"unavailable"}
{"component":"player-command","phase":"response","correlationId":"43e9c190-d513-4d57-81ee-8e8620d477b5","statusCode":400,"elapsedMs":3}
{"component":"player-command","phase":"request","correlationId":"6715605d-eaae-4377-90e0-d5f464ed8751"}
{"component":"player-command","phase":"authorization","correlationId":"6715605d-eaae-4377-90e0-d5f464ed8751","outcome":"allowed"}
{"component":"player-command","phase":"command","correlationId":"6715605d-eaae-4377-90e0-d5f464ed8751"}
{"component":"player-command","phase":"failure","correlationId":"6715605d-eaae-4377-90e0-d5f464ed8751","outcome":"unavailable"}
{"component":"player-command","phase":"response","correlationId":"6715605d-eaae-4377-90e0-d5f464ed8751","statusCode":400,"elapsedMs":3}
{"component":"player-command","phase":"request","correlationId":"fa09c0e1-1954-4461-b2d7-7f07c2cfa185"}
{"component":"player-command","phase":"authorization","correlationId":"fa09c0e1-1954-4461-b2d7-7f07c2cfa185","outcome":"allowed"}
{"component":"player-command","phase":"command","correlationId":"fa09c0e1-1954-4461-b2d7-7f07c2cfa185"}
{"component":"player-command","phase":"failure","correlationId":"fa09c0e1-1954-4461-b2d7-7f07c2cfa185","outcome":"unavailable"}
{"component":"player-command","phase":"response","correlationId":"fa09c0e1-1954-4461-b2d7-7f07c2cfa185","statusCode":400,"elapsedMs":3}
{"component":"player-command","phase":"request","correlationId":"635a4305-f6d8-48a2-8e7e-a6d9bb5cfc35"}
{"component":"player-command","phase":"authorization","correlationId":"635a4305-f6d8-48a2-8e7e-a6d9bb5cfc35","outcome":"allowed"}
{"component":"player-command","phase":"command","correlationId":"635a4305-f6d8-48a2-8e7e-a6d9bb5cfc35"}
{"component":"player-command","phase":"failure","correlationId":"635a4305-f6d8-48a2-8e7e-a6d9bb5cfc35","outcome":"unavailable"}
{"component":"player-command","phase":"response","correlationId":"635a4305-f6d8-48a2-8e7e-a6d9bb5cfc35","statusCode":400,"elapsedMs":4}
{"component":"player-command","phase":"request","correlationId":"7064b6ec-5306-4162-bcef-5da1820c70ea"}
{"component":"player-command","phase":"authorization","correlationId":"7064b6ec-5306-4162-bcef-5da1820c70ea","outcome":"allowed"}
{"component":"player-command","phase":"command","correlationId":"7064b6ec-5306-4162-bcef-5da1820c70ea"}
{"component":"player-command","phase":"failure","correlationId":"7064b6ec-5306-4162-bcef-5da1820c70ea","outcome":"unavailable"}
{"component":"player-command","phase":"response","correlationId":"7064b6ec-5306-4162-bcef-5da1820c70ea","statusCode":400,"elapsedMs":4}
{"component":"player-command","phase":"request","correlationId":"8ea41d3c-a98c-496a-b3aa-797136e1cb7b"}
{"component":"player-command","phase":"authorization","correlationId":"8ea41d3c-a98c-496a-b3aa-797136e1cb7b","outcome":"allowed"}
{"component":"player-command","phase":"command","correlationId":"8ea41d3c-a98c-496a-b3aa-797136e1cb7b"}
{"component":"player-command","phase":"failure","correlationId":"8ea41d3c-a98c-496a-b3aa-797136e1cb7b","outcome":"unavailable"}
{"component":"player-command","phase":"response","correlationId":"8ea41d3c-a98c-496a-b3aa-797136e1cb7b","statusCode":400,"elapsedMs":3}
{"component":"player-command","phase":"request","correlationId":"4abe6513-5433-4485-84a1-735a9e9b278d"}
{"component":"player-command","phase":"authorization","correlationId":"4abe6513-5433-4485-84a1-735a9e9b278d","outcome":"allowed"}
{"component":"player-command","phase":"command","correlationId":"4abe6513-5433-4485-84a1-735a9e9b278d"}
{"component":"player-command","phase":"failure","correlationId":"4abe6513-5433-4485-84a1-735a9e9b278d","outcome":"unavailable"}
{"component":"player-command","phase":"response","correlationId":"4abe6513-5433-4485-84a1-735a9e9b278d","statusCode":400,"elapsedMs":3}
{"component":"player-command","phase":"request","correlationId":"f8ca43c5-f6c9-45b8-9729-266183f9de47"}
{"component":"player-command","phase":"failure","correlationId":"f8ca43c5-f6c9-45b8-9729-266183f9de47","outcome":"unavailable"}
{"component":"player-command","phase":"response","correlationId":"f8ca43c5-f6c9-45b8-9729-266183f9de47","statusCode":409,"elapsedMs":1}
{"component":"player-command","phase":"request","correlationId":"c3631e33-2832-4885-9b6f-4d1c48e61ce9"}
{"component":"player-command","phase":"failure","correlationId":"c3631e33-2832-4885-9b6f-4d1c48e61ce9","outcome":"unavailable"}
{"component":"player-command","phase":"response","correlationId":"c3631e33-2832-4885-9b6f-4d1c48e61ce9","statusCode":409,"elapsedMs":1}
{"component":"player-command","phase":"request","correlationId":"ec487a9e-0e42-480a-912f-455bd853ab36"}
{"component":"player-command","phase":"failure","correlationId":"ec487a9e-0e42-480a-912f-455bd853ab36","outcome":"unavailable"}
{"component":"player-command","phase":"response","correlationId":"ec487a9e-0e42-480a-912f-455bd853ab36","statusCode":400,"elapsedMs":1}
{"component":"player-command","phase":"request","correlationId":"37259ce2-ef6e-45f6-a5b5-5d7d4294074f"}
{"component":"player-command","phase":"authorization","correlationId":"37259ce2-ef6e-45f6-a5b5-5d7d4294074f","outcome":"allowed"}
{"component":"player-command","phase":"command","correlationId":"37259ce2-ef6e-45f6-a5b5-5d7d4294074f"}
{"component":"player-command","phase":"failure","correlationId":"37259ce2-ef6e-45f6-a5b5-5d7d4294074f","outcome":"unavailable"}
{"component":"player-command","phase":"response","correlationId":"37259ce2-ef6e-45f6-a5b5-5d7d4294074f","statusCode":400,"elapsedMs":3}
{"component":"player-command","phase":"request","correlationId":"9362173f-41ea-4dea-b28e-943e0dcae369"}
{"component":"player-command","phase":"authorization","correlationId":"9362173f-41ea-4dea-b28e-943e0dcae369","outcome":"denied"}
{"component":"player-command","phase":"response","correlationId":"9362173f-41ea-4dea-b28e-943e0dcae369","statusCode":401,"elapsedMs":1}
{"component":"player-command","phase":"request","correlationId":"b1dd0fad-094e-41d7-95c0-334b35bb4069"}
{"component":"player-command","phase":"authorization","correlationId":"b1dd0fad-094e-41d7-95c0-334b35bb4069","outcome":"denied"}
{"component":"player-command","phase":"response","correlationId":"b1dd0fad-094e-41d7-95c0-334b35bb4069","statusCode":401,"elapsedMs":1}
{"component":"player-command","phase":"request","correlationId":"8d781571-5436-400e-9720-f1bdae825ab7"}
{"component":"player-command","phase":"authorization","correlationId":"8d781571-5436-400e-9720-f1bdae825ab7","outcome":"allowed"}
{"component":"player-command","phase":"command","correlationId":"8d781571-5436-400e-9720-f1bdae825ab7"}
{"component":"player-command","phase":"failure","correlationId":"8d781571-5436-400e-9720-f1bdae825ab7","outcome":"unavailable"}
{"component":"player-command","phase":"response","correlationId":"8d781571-5436-400e-9720-f1bdae825ab7","statusCode":409,"elapsedMs":4}
{"component":"player-command","phase":"request","correlationId":"d72505a9-c40c-4723-bb65-30195e4bc403"}
{"component":"player-command","phase":"authorization","correlationId":"d72505a9-c40c-4723-bb65-30195e4bc403","outcome":"allowed"}
{"component":"player-command","phase":"command","correlationId":"d72505a9-c40c-4723-bb65-30195e4bc403"}
{"component":"player-command","phase":"failure","correlationId":"d72505a9-c40c-4723-bb65-30195e4bc403","outcome":"unavailable"}
{"component":"player-command","phase":"response","correlationId":"d72505a9-c40c-4723-bb65-30195e4bc403","statusCode":409,"elapsedMs":4}
{"component":"player-command","phase":"request","correlationId":"7dc3dce1-5364-4779-9c0a-5a27890c0430"}
{"component":"player-command","phase":"authorization","correlationId":"7dc3dce1-5364-4779-9c0a-5a27890c0430","outcome":"allowed"}
{"component":"player-command","phase":"command","correlationId":"7dc3dce1-5364-4779-9c0a-5a27890c0430"}
{"component":"player-command","phase":"failure","correlationId":"7dc3dce1-5364-4779-9c0a-5a27890c0430","outcome":"unavailable"}
{"component":"player-command","phase":"response","correlationId":"7dc3dce1-5364-4779-9c0a-5a27890c0430","statusCode":400,"elapsedMs":3}
{"component":"player-command","phase":"request","correlationId":"fcd10720-aafe-451d-b753-6dcbdf820b97"}
{"component":"player-command","phase":"authorization","correlationId":"fcd10720-aafe-451d-b753-6dcbdf820b97","outcome":"allowed"}
{"component":"player-command","phase":"command","correlationId":"fcd10720-aafe-451d-b753-6dcbdf820b97"}
{"component":"player-command","phase":"failure","correlationId":"fcd10720-aafe-451d-b753-6dcbdf820b97","outcome":"unavailable"}
{"component":"player-command","phase":"response","correlationId":"fcd10720-aafe-451d-b753-6dcbdf820b97","statusCode":409,"elapsedMs":5}
{"component":"player-command","phase":"request","correlationId":"76143bf6-2786-44b1-92e6-95271125e0a5"}
{"component":"player-command","phase":"authorization","correlationId":"76143bf6-2786-44b1-92e6-95271125e0a5","outcome":"allowed"}
{"component":"player-command","phase":"command","correlationId":"76143bf6-2786-44b1-92e6-95271125e0a5"}
{"component":"player-command","phase":"failure","correlationId":"76143bf6-2786-44b1-92e6-95271125e0a5","outcome":"unavailable"}
{"component":"player-command","phase":"response","correlationId":"76143bf6-2786-44b1-92e6-95271125e0a5","statusCode":409,"elapsedMs":5}
{"component":"player-command","phase":"request","correlationId":"70f0e1ac-b738-43b7-8805-1800decfe7af"}
{"component":"player-command","phase":"request","correlationId":"73ea6fa6-b7db-4f04-893d-37cd1c27a1d1"}
{"component":"player-command","phase":"request","correlationId":"b7aaea8d-afd7-490d-b5ff-0bf2e81e20cd"}
{"component":"player-command","phase":"request","correlationId":"e2c83c0f-ae3a-4129-baed-d9aebf621849"}
{"component":"player-command","phase":"request","correlationId":"c3575c50-f63c-4027-ade8-c0660ac7939b"}
{"component":"player-command","phase":"request","correlationId":"7a0e38e5-db3c-4778-8fd4-53795de13f17"}
{"component":"player-command","phase":"request","correlationId":"bb115266-dca2-4e3a-8252-44a63a1e9f53"}
{"component":"player-command","phase":"request","correlationId":"8dcbcec6-0ed1-4a82-9282-db3e591ac10d"}
{"component":"player-command","phase":"authorization","correlationId":"70f0e1ac-b738-43b7-8805-1800decfe7af","outcome":"allowed"}
{"component":"player-command","phase":"command","correlationId":"70f0e1ac-b738-43b7-8805-1800decfe7af"}
{"component":"player-command","phase":"authorization","correlationId":"e2c83c0f-ae3a-4129-baed-d9aebf621849","outcome":"allowed"}
{"component":"player-command","phase":"command","correlationId":"e2c83c0f-ae3a-4129-baed-d9aebf621849"}
{"component":"player-command","phase":"authorization","correlationId":"73ea6fa6-b7db-4f04-893d-37cd1c27a1d1","outcome":"allowed"}
{"component":"player-command","phase":"command","correlationId":"73ea6fa6-b7db-4f04-893d-37cd1c27a1d1"}
{"component":"player-command","phase":"failure","correlationId":"e2c83c0f-ae3a-4129-baed-d9aebf621849","outcome":"unavailable"}
{"component":"player-command","phase":"response","correlationId":"e2c83c0f-ae3a-4129-baed-d9aebf621849","statusCode":409,"elapsedMs":269}
{"component":"player-command","phase":"failure","correlationId":"73ea6fa6-b7db-4f04-893d-37cd1c27a1d1","outcome":"unavailable"}
{"component":"player-command","phase":"response","correlationId":"73ea6fa6-b7db-4f04-893d-37cd1c27a1d1","statusCode":409,"elapsedMs":272}
{"component":"player-command","phase":"authorization","correlationId":"bb115266-dca2-4e3a-8252-44a63a1e9f53","outcome":"allowed"}
{"component":"player-command","phase":"command","correlationId":"bb115266-dca2-4e3a-8252-44a63a1e9f53"}
{"component":"player-command","phase":"failure","correlationId":"bb115266-dca2-4e3a-8252-44a63a1e9f53","outcome":"unavailable"}
{"component":"player-command","phase":"response","correlationId":"bb115266-dca2-4e3a-8252-44a63a1e9f53","statusCode":409,"elapsedMs":323}
{"component":"player-command","phase":"authorization","correlationId":"8dcbcec6-0ed1-4a82-9282-db3e591ac10d","outcome":"allowed"}
{"component":"player-command","phase":"command","correlationId":"8dcbcec6-0ed1-4a82-9282-db3e591ac10d"}
{"component":"player-command","phase":"authorization","correlationId":"7a0e38e5-db3c-4778-8fd4-53795de13f17","outcome":"allowed"}
{"component":"player-command","phase":"command","correlationId":"7a0e38e5-db3c-4778-8fd4-53795de13f17"}
{"component":"player-command","phase":"authorization","correlationId":"c3575c50-f63c-4027-ade8-c0660ac7939b","outcome":"allowed"}
{"component":"player-command","phase":"command","correlationId":"c3575c50-f63c-4027-ade8-c0660ac7939b"}
{"component":"player-command","phase":"failure","correlationId":"8dcbcec6-0ed1-4a82-9282-db3e591ac10d","outcome":"unavailable"}
{"component":"player-command","phase":"failure","correlationId":"7a0e38e5-db3c-4778-8fd4-53795de13f17","outcome":"unavailable"}
{"component":"player-command","phase":"response","correlationId":"8dcbcec6-0ed1-4a82-9282-db3e591ac10d","statusCode":409,"elapsedMs":354}
{"component":"player-command","phase":"response","correlationId":"7a0e38e5-db3c-4778-8fd4-53795de13f17","statusCode":409,"elapsedMs":355}
{"component":"player-command","phase":"mutation","correlationId":"70f0e1ac-b738-43b7-8805-1800decfe7af","outcome":"completed","replayed":false}
{"component":"player-command","phase":"mutation","correlationId":"c3575c50-f63c-4027-ade8-c0660ac7939b","outcome":"completed","replayed":true}
{"component":"player-command","phase":"authorization","correlationId":"b7aaea8d-afd7-490d-b5ff-0bf2e81e20cd","outcome":"allowed"}
{"component":"player-command","phase":"command","correlationId":"b7aaea8d-afd7-490d-b5ff-0bf2e81e20cd"}
{"component":"player-command","phase":"mutation","correlationId":"b7aaea8d-afd7-490d-b5ff-0bf2e81e20cd","outcome":"completed","replayed":true}
{"component":"player-command","phase":"consequence","correlationId":"70f0e1ac-b738-43b7-8805-1800decfe7af","replayed":false,"changes":3}
{"component":"player-command","phase":"opportunity","correlationId":"70f0e1ac-b738-43b7-8805-1800decfe7af","replayed":false,"changes":1}
{"component":"player-command","phase":"response","correlationId":"70f0e1ac-b738-43b7-8805-1800decfe7af","statusCode":200,"elapsedMs":435}
{"component":"player-command","phase":"consequence","correlationId":"c3575c50-f63c-4027-ade8-c0660ac7939b","replayed":true,"changes":0}
{"component":"player-command","phase":"opportunity","correlationId":"c3575c50-f63c-4027-ade8-c0660ac7939b","replayed":true,"changes":0}
{"component":"player-command","phase":"response","correlationId":"c3575c50-f63c-4027-ade8-c0660ac7939b","statusCode":200,"elapsedMs":481}
{"component":"player-command","phase":"consequence","correlationId":"b7aaea8d-afd7-490d-b5ff-0bf2e81e20cd","replayed":true,"changes":0}
{"component":"player-command","phase":"opportunity","correlationId":"b7aaea8d-afd7-490d-b5ff-0bf2e81e20cd","replayed":true,"changes":0}
{"component":"player-command","phase":"request","correlationId":"e9b77382-659d-4ed9-affa-297b2c21998b"}
{"component":"player-command","phase":"response","correlationId":"b7aaea8d-afd7-490d-b5ff-0bf2e81e20cd","statusCode":200,"elapsedMs":523}
{"component":"player-command","phase":"authorization","correlationId":"e9b77382-659d-4ed9-affa-297b2c21998b","outcome":"allowed"}
{"component":"player-command","phase":"command","correlationId":"e9b77382-659d-4ed9-affa-297b2c21998b"}
{"component":"player-command","phase":"mutation","correlationId":"e9b77382-659d-4ed9-affa-297b2c21998b","outcome":"completed","replayed":true}
{"component":"player-command","phase":"consequence","correlationId":"e9b77382-659d-4ed9-affa-297b2c21998b","replayed":true,"changes":0}
{"component":"player-command","phase":"opportunity","correlationId":"e9b77382-659d-4ed9-affa-297b2c21998b","replayed":true,"changes":0}
{"component":"player-command","phase":"response","correlationId":"e9b77382-659d-4ed9-affa-297b2c21998b","statusCode":200,"elapsedMs":44}
⚠️  preflight: Neither PUBLIC_URL nor SOCIAL_GAME_URL is set — every referral link, share prompt and social card will point at the built-in default domain, not yours. Set PUBLIC_URL to this server's own origin (it is also what one-click X sign-in derives its callback from).
⚠️  preflight: INVARIANT_WEBHOOK_URL is not set — the §10.4 economy-drift, backup-failure, oracle-halt and real-value-invariant alarms have nowhere to shout and reach only a log line. Set it (a Slack/Discord webhook) on BOTH processes: the worker fires most alarms, and the API is the only one that can page when the WORKER is dead.
[db] Postgres ready — column migration ran 2956 ADD COLUMN IF NOT EXISTS statements.
{"component":"player-command","phase":"request","correlationId":"bd5d095b-c27c-410e-b61e-4f1a21359d36"}
{"component":"player-command","phase":"authorization","correlationId":"bd5d095b-c27c-410e-b61e-4f1a21359d36","outcome":"allowed"}
{"component":"player-command","phase":"command","correlationId":"bd5d095b-c27c-410e-b61e-4f1a21359d36"}
{"component":"player-command","phase":"mutation","correlationId":"bd5d095b-c27c-410e-b61e-4f1a21359d36","outcome":"completed","replayed":true}
{"component":"player-command","phase":"consequence","correlationId":"bd5d095b-c27c-410e-b61e-4f1a21359d36","replayed":true,"changes":0}
{"component":"player-command","phase":"opportunity","correlationId":"bd5d095b-c27c-410e-b61e-4f1a21359d36","replayed":true,"changes":0}
{"component":"player-command","phase":"response","correlationId":"bd5d095b-c27c-410e-b61e-4f1a21359d36","statusCode":200,"elapsedMs":297}
{"gate":"RC1 command HTTP redteam","database":"real PostgreSQL","deniedCases":42,"concurrentRequests":8,"concurrentStatuses":[200,409,200,409,200,409,409,409],"freshExecutions":1,"uniqueMysteryInstances":1,"restartReplay":true,"gameStateUnchangedOnDenialAndReplay":true,"status":"PASS"}
